// Jest Snapshot v1, https://goo.gl/fbAQLP

exports[`should match snapshot 1`] = `
<div
  className="list-row"
  onClick={[Function]}
>
  <div
    className="info"
  >
    <span>
      Aurimas Jackevicius
       (
      aurimas993@gmail.com
      )
    </span>
  </div>
  <div
    className="actions"
  >
    <div
      onClick={[Function]}
    >
      EDIT
    </div>
    <div
      onClick={[Function]}
    >
      REMOVE
    </div>
  </div>
</div>
`;
