// Jest Snapshot v1, https://goo.gl/fbAQLP

exports[`should match snapshot 1`] = `
<input
  className="default-input"
  id="name"
  name="name"
  onChange={[Function]}
  placeholder="placeholder"
  required={true}
  type="type"
  value="value"
/>
`;
